291 of 300 images to generate
[1/291] assets/cards/shotgun_wedding.png
[2/291] assets/cards/hydra.png
[3/291] assets/cards/bullet_hell.png
[4/291] assets/cards/lead_curtain.png
[5/291] assets/cards/gatling_mood.png
[6/291] assets/cards/speed_loader.png
[7/291] assets/cards/extended_mag.png
[8/291] assets/cards/drum_mag.png
[9/291] assets/cards/trigger_happy.png
[10/291] assets/cards/triple_espresso.png
[11/291] assets/cards/fan_hammer.png
[12/291] assets/cards/ambidextrous.png
[13/291] assets/cards/warning_shot.png
[14/291] assets/cards/spiral_galaxy.png
[15/291] assets/cards/wobbly.png
[16/291] assets/cards/confetti_cannon.png
[17/291] assets/cards/compass_rose.png
[18/291] assets/cards/overpressure.png
[19/291] assets/cards/lazy_bullets.png
[20/291] assets/cards/ammo_belt.png
[21/291] assets/cards/shell_shock.png
[22/291] assets/cards/piercing.png
[23/291] assets/cards/drill_bits.png
[24/291] assets/cards/rubber_bullets.png
[25/291] assets/cards/ricochet.png
[26/291] assets/cards/pinball_wizard.png
[27/291] assets/cards/heat_seekers.png
[28/291] assets/cards/smart_rounds.png
[29/291] assets/cards/return_sender.png
[30/291] assets/cards/chonky_bullets.png
[31/291] assets/cards/planet_bullets.png
[32/291] assets/cards/muzzle_velocity.png
[33/291] assets/cards/long_range.png
[34/291] assets/cards/point_blank.png
[35/291] assets/cards/hollow_points.png
[36/291] assets/cards/lucky_bullet.png
[37/291] assets/cards/headhunter.png
[38/291] assets/cards/assassin.png
[39/291] assets/cards/overkill.png
[40/291] assets/cards/knockback_rounds.png
[41/291] assets/cards/scope.png
[42/291] assets/cards/sticky_bombs.png
[43/291] assets/cards/explosive_rounds.png
[44/291] assets/cards/tracer_rounds.png
[45/291] assets/cards/snake_shot.png
[46/291] assets/cards/satellite_shot.png
[47/291] assets/cards/home_run.png
[48/291] assets/cards/accelerator.png
